components/WebsiteAuditManager.tsx(3,8): error TS1259: Module '"C:/Users/santo/OneDrive/Desktop/sunny/GodsEye - FrontEnd with Backend py/GodsEye - FrontEnd/godseye/node_modules/@types/react/index"' can only be default-imported using the 'esModuleInterop' flag
components/WebsiteAuditManager.tsx(34,8): error TS2307: Cannot find module '@hugeicons/core-free-icons' or its corresponding type declarations.
  There are types at 'C:/Users/santo/OneDrive/Desktop/sunny/GodsEye - FrontEnd with Backend py/GodsEye - FrontEnd/godseye/node_modules/@hugeicons/core-free-icons/dist/types/index.d.ts', but this result could not be resolved under your current 'moduleResolution' setting. Consider updating to 'node16', 'nodenext', or 'bundler'.
components/WebsiteAuditManager.tsx(35,30): error TS6142: Module './WebsiteAuditCard' was resolved to 'C:/Users/santo/OneDrive/Desktop/sunny/GodsEye - FrontEnd with Backend py/GodsEye - FrontEnd/godseye/components/WebsiteAuditCard.tsx', but '--jsx' is not set.
components/WebsiteAuditManager.tsx(36,34): error TS6142: Module './LandingPageAuditCard' was resolved to 'C:/Users/santo/OneDrive/Desktop/sunny/GodsEye - FrontEnd with Backend py/GodsEye - FrontEnd/godseye/components/LandingPageAuditCard.tsx', but '--jsx' is not set.
components/WebsiteAuditManager.tsx(37,20): error TS2307: Cannot find module '@/lib/utils' or its corresponding type declarations.
components/WebsiteAuditManager.tsx(38,26): error TS2307: Cannot find module '@/lib/supabase' or its corresponding type declarations.
components/WebsiteAuditManager.tsx(39,25): error TS2307: Cannot find module '@/lib/auth-context' or its corresponding type declarations.
components/WebsiteAuditManager.tsx(40,33): error TS2307: Cannot find module '@/app/optimize/store' or its corresponding type declarations.
components/WebsiteAuditManager.tsx(338,14): error TS17004: Cannot use JSX unless the '--jsx' flag is provided.
components/WebsiteAuditManager.tsx(340,12): error TS17004: Cannot use JSX unless the '--jsx' flag is provided.
components/WebsiteAuditManager.tsx(344,5): error TS17004: Cannot use JSX unless the '--jsx' flag is provided.
components/WebsiteAuditManager.tsx(345,7): error TS17004: Cannot use JSX unless the '--jsx' flag is provided.
components/WebsiteAuditManager.tsx(347,9): error TS17004: Cannot use JSX unless the '--jsx' flag is provided.
components/WebsiteAuditManager.tsx(348,11): error TS17004: Cannot use JSX unless the '--jsx' flag is provided.
components/WebsiteAuditManager.tsx(349,13): error TS17004: Cannot use JSX unless the '--jsx' flag is provided.
components/WebsiteAuditManager.tsx(355,15): error TS17004: Cannot use JSX unless the '--jsx' flag is provided.
components/WebsiteAuditManager.tsx(357,13): error TS17004: Cannot use JSX unless the '--jsx' flag is provided.
components/WebsiteAuditManager.tsx(358,15): error TS17004: Cannot use JSX unless the '--jsx' flag is provided.
components/WebsiteAuditManager.tsx(359,15): error TS17004: Cannot use JSX unless the '--jsx' flag is provided.
components/WebsiteAuditManager.tsx(365,11): error TS17004: Cannot use JSX unless the '--jsx' flag is provided.
components/WebsiteAuditManager.tsx(371,13): error TS17004: Cannot use JSX unless the '--jsx' flag is provided.
components/WebsiteAuditManager.tsx(372,13): error TS17004: Cannot use JSX unless the '--jsx' flag is provided.
components/WebsiteAuditManager.tsx(376,13): error TS17004: Cannot use JSX unless the '--jsx' flag is provided.
components/WebsiteAuditManager.tsx(377,15): error TS17004: Cannot use JSX unless the '--jsx' flag is provided.
components/WebsiteAuditManager.tsx(379,33): error TS17004: Cannot use JSX unless the '--jsx' flag is provided.
components/WebsiteAuditManager.tsx(400,15): error TS17004: Cannot use JSX unless the '--jsx' flag is provided.
components/WebsiteAuditManager.tsx(405,48): error TS17004: Cannot use JSX unless the '--jsx' flag is provided.
components/WebsiteAuditManager.tsx(431,9): error TS17004: Cannot use JSX unless the '--jsx' flag is provided.
components/WebsiteAuditManager.tsx(432,11): error TS17004: Cannot use JSX unless the '--jsx' flag is provided.
components/WebsiteAuditManager.tsx(433,13): error TS17004: Cannot use JSX unless the '--jsx' flag is provided.
components/WebsiteAuditManager.tsx(437,11): error TS17004: Cannot use JSX unless the '--jsx' flag is provided.
components/WebsiteAuditManager.tsx(446,13): error TS17004: Cannot use JSX unless the '--jsx' flag is provided.
components/WebsiteAuditManager.tsx(454,15): error TS17004: Cannot use JSX unless the '--jsx' flag is provided.
components/WebsiteAuditManager.tsx(455,17): error TS17004: Cannot use JSX unless the '--jsx' flag is provided.
components/WebsiteAuditManager.tsx(456,19): error TS17004: Cannot use JSX unless the '--jsx' flag is provided.
components/WebsiteAuditManager.tsx(457,19): error TS17004: Cannot use JSX unless the '--jsx' flag is provided.
components/WebsiteAuditManager.tsx(458,19): error TS17004: Cannot use JSX unless the '--jsx' flag is provided.
components/WebsiteAuditManager.tsx(459,19): error TS17004: Cannot use JSX unless the '--jsx' flag is provided.
components/WebsiteAuditManager.tsx(460,19): error TS17004: Cannot use JSX unless the '--jsx' flag is provided.
components/WebsiteAuditManager.tsx(461,19): error TS17004: Cannot use JSX unless the '--jsx' flag is provided.
components/WebsiteAuditManager.tsx(462,19): error TS17004: Cannot use JSX unless the '--jsx' flag is provided.
components/WebsiteAuditManager.tsx(465,15): error TS17004: Cannot use JSX unless the '--jsx' flag is provided.
components/WebsiteAuditManager.tsx(467,19): error TS17004: Cannot use JSX unless the '--jsx' flag is provided.
components/WebsiteAuditManager.tsx(468,21): error TS17004: Cannot use JSX unless the '--jsx' flag is provided.
components/WebsiteAuditManager.tsx(469,23): error TS17004: Cannot use JSX unless the '--jsx' flag is provided.
components/WebsiteAuditManager.tsx(473,19): error TS17004: Cannot use JSX unless the '--jsx' flag is provided.
components/WebsiteAuditManager.tsx(474,21): error TS17004: Cannot use JSX unless the '--jsx' flag is provided.
components/WebsiteAuditManager.tsx(475,23): error TS17004: Cannot use JSX unless the '--jsx' flag is provided.
components/WebsiteAuditManager.tsx(482,21): error TS17004: Cannot use JSX unless the '--jsx' flag is provided.
components/WebsiteAuditManager.tsx(483,23): error TS17004: Cannot use JSX unless the '--jsx' flag is provided.
components/WebsiteAuditManager.tsx(484,25): error TS17004: Cannot use JSX unless the '--jsx' flag is provided.
components/WebsiteAuditManager.tsx(485,27): error TS17004: Cannot use JSX unless the '--jsx' flag is provided.
components/WebsiteAuditManager.tsx(488,27): error TS17004: Cannot use JSX unless the '--jsx' flag is provided.
components/WebsiteAuditManager.tsx(493,23): error TS17004: Cannot use JSX unless the '--jsx' flag is provided.
components/WebsiteAuditManager.tsx(494,25): error TS17004: Cannot use JSX unless the '--jsx' flag is provided.
components/WebsiteAuditManager.tsx(510,23): error TS17004: Cannot use JSX unless the '--jsx' flag is provided.
components/WebsiteAuditManager.tsx(512,27): error TS17004: Cannot use JSX unless the '--jsx' flag is provided.
components/WebsiteAuditManager.tsx(513,29): error TS17004: Cannot use JSX unless the '--jsx' flag is provided.
components/WebsiteAuditManager.tsx(516,29): error TS17004: Cannot use JSX unless the '--jsx' flag is provided.
components/WebsiteAuditManager.tsx(521,27): error TS17004: Cannot use JSX unless the '--jsx' flag is provided.
components/WebsiteAuditManager.tsx(522,29): error TS17004: Cannot use JSX unless the '--jsx' flag is provided.
components/WebsiteAuditManager.tsx(525,29): error TS17004: Cannot use JSX unless the '--jsx' flag is provided.
components/WebsiteAuditManager.tsx(531,23): error TS17004: Cannot use JSX unless the '--jsx' flag is provided.
components/WebsiteAuditManager.tsx(532,25): error TS17004: Cannot use JSX unless the '--jsx' flag is provided.
components/WebsiteAuditManager.tsx(534,23): error TS17004: Cannot use JSX unless the '--jsx' flag is provided.
components/WebsiteAuditManager.tsx(535,25): error TS17004: Cannot use JSX unless the '--jsx' flag is provided.
components/WebsiteAuditManager.tsx(547,23): error TS17004: Cannot use JSX unless the '--jsx' flag is provided.
components/WebsiteAuditManager.tsx(548,25): error TS17004: Cannot use JSX unless the '--jsx' flag is provided.
components/WebsiteAuditManager.tsx(552,43): error TS17004: Cannot use JSX unless the '--jsx' flag is provided.
components/WebsiteAuditManager.tsx(557,23): error TS17004: Cannot use JSX unless the '--jsx' flag is provided.
components/WebsiteAuditManager.tsx(558,25): error TS17004: Cannot use JSX unless the '--jsx' flag is provided.
components/WebsiteAuditManager.tsx(565,27): error TS17004: Cannot use JSX unless the '--jsx' flag is provided.
components/WebsiteAuditManager.tsx(578,7): error TS17004: Cannot use JSX unless the '--jsx' flag is provided.
components/WebsiteAuditManager.tsx(578,8): error TS2769: No overload matches this call.
  Overload 1 of 2, '(props: { component: ElementType<any, keyof IntrinsicElements>; } & Pick<ModalOwnProps, "open" | "container" | "children" | "disablePortal" | ... 6 more ... | "hideBackdrop"> & { ...; } & ModalSlotsAndSlotProps & Omit<...>): Element', gave the following error.
    Type '{ open: boolean; onClose: () => void; }' is not assignable to type '{ component: ElementType<any, keyof IntrinsicElements>; } & Pick<ModalOwnProps, "open" | "container" | "children" | "disablePortal" | ... 6 more ... | "hideBackdrop"> & { ...; } & ModalSlotsAndSlotProps & Omit<...>'.
      Property 'component' is missing in type '{ open: boolean; onClose: () => void; }' but required in type '{ component: ElementType<any, keyof IntrinsicElements>; }'.
  Overload 2 of 2, '(props: DefaultComponentProps<ModalTypeMap<{}, "div">>): Element', gave the following error.
    Type '{ open: boolean; onClose: () => void; }' is not assignable to type 'DefaultComponentProps<ModalTypeMap<{}, "div">>'.
      Property 'children' is missing in type '{ open: boolean; onClose: () => void; }' but required in type 'Pick<ModalOwnProps, "open" | "container" | "children" | "disablePortal" | "keepMounted" | "disableAutoFocus" | "disableEnforceFocus" | "disableEscapeKeyDown" | "disableRestoreFocus" | "disableScrollLock" | "hideBackdrop">'.
components/WebsiteAuditManager.tsx(579,9): error TS17004: Cannot use JSX unless the '--jsx' flag is provided.
components/WebsiteAuditManager.tsx(591,11): error TS17004: Cannot use JSX unless the '--jsx' flag is provided.
components/WebsiteAuditManager.tsx(592,13): error TS17004: Cannot use JSX unless the '--jsx' flag is provided.
components/WebsiteAuditManager.tsx(599,15): error TS17004: Cannot use JSX unless the '--jsx' flag is provided.
components/WebsiteAuditManager.tsx(601,13): error TS17004: Cannot use JSX unless the '--jsx' flag is provided.
components/WebsiteAuditManager.tsx(602,13): error TS17004: Cannot use JSX unless the '--jsx' flag is provided.
components/WebsiteAuditManager.tsx(606,13): error TS17004: Cannot use JSX unless the '--jsx' flag is provided.
components/WebsiteAuditManager.tsx(607,15): error TS17004: Cannot use JSX unless the '--jsx' flag is provided.
components/WebsiteAuditManager.tsx(618,15): error TS17004: Cannot use JSX unless the '--jsx' flag is provided.
node_modules/@mui/utils/chainPropTypes/chainPropTypes.d.ts(1,8): error TS1259: Module '"C:/Users/santo/OneDrive/Desktop/sunny/GodsEye - FrontEnd with Backend py/GodsEye - FrontEnd/godseye/node_modules/@types/prop-types/index"' can only be default-imported using the 'esModuleInterop' flag
node_modules/@mui/utils/elementAcceptingRef/elementAcceptingRef.d.ts(1,8): error TS1259: Module '"C:/Users/santo/OneDrive/Desktop/sunny/GodsEye - FrontEnd with Backend py/GodsEye - FrontEnd/godseye/node_modules/@types/prop-types/index"' can only be default-imported using the 'esModuleInterop' flag
node_modules/@mui/utils/elementTypeAcceptingRef/elementTypeAcceptingRef.d.ts(1,8): error TS1259: Module '"C:/Users/santo/OneDrive/Desktop/sunny/GodsEye - FrontEnd with Backend py/GodsEye - FrontEnd/godseye/node_modules/@types/prop-types/index"' can only be default-imported using the 'esModuleInterop' flag
node_modules/@mui/utils/integerPropType/integerPropType.d.ts(1,8): error TS1259: Module '"C:/Users/santo/OneDrive/Desktop/sunny/GodsEye - FrontEnd with Backend py/GodsEye - FrontEnd/godseye/node_modules/@types/prop-types/index"' can only be default-imported using the 'esModuleInterop' flag
node_modules/@mui/utils/refType/refType.d.ts(1,8): error TS1259: Module '"C:/Users/santo/OneDrive/Desktop/sunny/GodsEye - FrontEnd with Backend py/GodsEye - FrontEnd/godseye/node_modules/@types/prop-types/index"' can only be default-imported using the 'esModuleInterop' flag
